
> web@0.1.0 build D:\Project\apps\web
> next build

▲ Next.js 16.3.0 (Turbopack)
- Environments: .env.local
✓ Running next.config.ts took 36ms

  Creating an optimized production build ...
✓ Compiled successfully in 2.1s
  Running TypeScript ...
  Finished TypeScript in 3.1s ...
  Collecting page data using 11 workers ...
  Generating static pages using 11 workers (0/65) ...
  Generating static pages using 11 workers (16/65) 
  Generating static pages using 11 workers (32/65) 
  Generating static pages using 11 workers (48/65) 
✓ Generating static pages using 11 workers (65/65) in 960ms
  Finalizing page optimization ...

Route (app)
┌ ○ /
├ ○ /_not-found
├ ƒ /agent/conversations/[id]
├ ○ /agent/inbox
├ ○ /analytics/support
├ ○ /auth/invite
├ ○ /auth/reset-password
├ ○ /auth/verify
├ ○ /customer-support/analytics
├ ○ /customer-support/chat
├ ○ /customer-support/conversations
├ ƒ /customer-support/conversations/[id]
├ ○ /customer-support/inbox
├ ƒ /customer-support/inbox/[id]
├ ○ /customer-support/knowledge
├ ○ /customer-support/knowledge-gaps
├ ○ /customer-support/knowledge/add
├ ○ /customer-support/overview
├ ○ /customer-support/widget
├ ○ /dashboard
├ ○ /docs
├ ○ /embed/widget
├ ○ /forgot-password
├ ○ /knowledge/documents
├ ○ /knowledge/sources
├ ƒ /knowledge/sources/[id]
├ ○ /knowledge/sources/new
├ ○ /login
├ ○ /onboarding
├ ○ /onboarding/complete
├ ○ /onboarding/modules
├ ○ /onboarding/organization
├ ○ /onboarding/team
├ ○ /platform/billing
├ ○ /platform/integrations
├ ○ /platform/profile
├ ○ /platform/settings
├ ○ /platform/settings/ai
├ ○ /platform/settings/api-keys
├ ○ /platform/settings/audit-logs
├ ○ /platform/settings/brand
├ ○ /platform/settings/crm
├ ○ /platform/settings/general
├ ○ /platform/settings/mailboxes
├ ○ /platform/settings/notifications
├ ○ /platform/settings/organization
├ ○ /platform/settings/profile
├ ○ /platform/settings/security
├ ○ /platform/settings/tools
├ ○ /platform/team
├ ○ /platform/usage
├ ○ /reset-password
├ ○ /sales-assistant/analytics
├ ○ /sales-assistant/campaigns
├ ○ /sales-assistant/drafts
├ ƒ /sales-assistant/drafts/[id]
├ ○ /sales-assistant/icp
├ ○ /sales-assistant/icp/create
├ ○ /sales-assistant/icps
├ ○ /sales-assistant/lead-discovery
├ ○ /sales-assistant/leads
├ ƒ /sales-assistant/leads/[id]
├ ƒ /sales-assistant/leads/[id]/research
├ ○ /sales-assistant/mailboxes
├ ○ /sales-assistant/overview
├ ○ /sales-assistant/replies
├ ○ /sales-assistant/research
├ ○ /sales-assistant/sequences
├ ƒ /sales-assistant/sequences/[id]/send
├ ○ /signup
└ ○ /verify-email


○  (Static)   prerendered as static content
ƒ  (Dynamic)  server-rendered on demand

